Jï¿½ï¿½Ò’ï¿½Òªï¿½j

rst:ï¿½ets Jun  8 2016 00:22:57

rst:0x1 (POWERON_RESET),boot:0x13 (SPI_FAST_FLASH_BOOT)
configsip: 0, SPIWP:0xee
clk_drv:0x00,q_drv:0x00,d_drv:0x00,cs0_drv:0x00,hd_drv:0x00,wp_drv:0x00
mode:DIO, clock div:1
load:0x3fff0030,len:7524
load:0x40078000,len:16552
load:0x40080400,len:4
load:0x40080404,len:4312
entry 0x4008065c
[0;32mI (29) boot: ESP-IDF v5.4-dev-729-g0453e8608b 2nd stage bootloader[0m
[0;32mI (29) boot: compile time Jun 25 2024 17:31:04[0m
[0;32mI (30) boot: Multicore bootloader[0m
[0;32mI (35) boot: chip revision: v1.0[0m
[0;32mI (38) qio_mode: Enabling default flash chip QIO[0m
[0;32mI (44) boot.esp32: SPI Speed      : 80MHz[0m
[0;32mI (48) boot.esp32: SPI Mode       : QIO[0m
[0;32mI (53) boot.esp32: SPI Flash Size : 4MB[0m
[0;32mI (57) boot: Enabling RNG early entropy source...[0m
[0;32mI (63) boot: Partition Table:[0m
[0;32mI (66) boot: ## Label            Usage          Type ST Offset   Length[0m
[0;32mI (74) boot:  0 nvs              WiFi data        01 02 00009000 00006000[0m
[0;32mI (81) boot:  1 phy_init         RF data          01 01 0000f000 00001000[0m
[0;32mI (89) boot:  2 factory          factory app      00 00 00010000 00180000[0m
[0;32mI (96) boot: End of partition table[0m
[0;32mI (100) esp_image: segment 0: paddr=00010020 vaddr=3f400020 size=18d10h (101648) map[0m
[0;32mI (135) esp_image: segment 1: paddr=00028d38 vaddr=3ffb0000 size=03484h ( 13444) load[0m
[0;32mI (139) esp_image: segment 2: paddr=0002c1c4 vaddr=40080000 size=03e54h ( 15956) load[0m
[0;32mI (146) esp_image: segment 3: paddr=00030020 vaddr=400d0020 size=2eaa4h (191140) map[0m
[0;32mI (198) esp_image: segment 4: paddr=0005eacc vaddr=40083e54 size=0ccd4h ( 52436) load[0m
[0;32mI (223) boot: Loaded app from partition at offset 0x10000[0m
[0;32mI (223) boot: Disabling RNG early entropy source...[0m
[0;32mI (235) quad_psram: This chip is ESP32-D0WD[0m
[0;32mI (235) esp_psram: Found 8MB PSRAM device[0m
[0;32mI (235) esp_psram: Speed: 80MHz[0m
[0;32mI (237) esp_psram: PSRAM initialized, cache is in low/high (2-core) mode.[0m
[0;33mW (244) esp_psram: Virtual address not enough for PSRAM, map as much as we can. 4MB is mapped[0m
[0;32mI (253) cpu_start: Multicore app[0m
[0;32mI (721) esp_psram: SPI SRAM memory test OK[0m
[0;32mI (729) cpu_start: Pro cpu start user code[0m
[0;32mI (729) cpu_start: cpu freq: 240000000 Hz[0m
[0;32mI (729) app_init: Application information:[0m
[0;32mI (732) app_init: Project name:     person_detection[0m
[0;32mI (737) app_init: App version:      1[0m
[0;32mI (742) app_init: Compile time:     Jun 25 2024 17:26:36[0m
[0;32mI (747) app_init: ELF file SHA256:  080d189a3...[0m
[0;32mI (753) app_init: ESP-IDF:          v5.4-dev-729-g0453e8608b[0m
[0;32mI (759) efuse_init: Min chip rev:     v0.0[0m
[0;32mI (764) efuse_init: Max chip rev:     v3.99 [0m
[0;32mI (769) efuse_init: Chip rev:         v1.0[0m
[0;32mI (774) heap_init: Initializing. RAM available for dynamic allocation:[0m
[0;32mI (781) heap_init: At 3FFAE6E0 len 00001920 (6 KiB): DRAM[0m
[0;32mI (787) heap_init: At 3FFB4200 len 0002BE00 (175 KiB): DRAM[0m
[0;32mI (793) heap_init: At 3FFE0440 len 00003AE0 (14 KiB): D/IRAM[0m
[0;32mI (799) heap_init: At 3FFE4350 len 0001BCB0 (111 KiB): D/IRAM[0m
[0;32mI (806) heap_init: At 40090B28 len 0000F4D8 (61 KiB): IRAM[0m
[0;32mI (812) esp_psram: Adding pool of 4096K of PSRAM memory to heap allocator[0m
[0;32mI (820) spi_flash: detected chip: generic[0m
[0;32mI (824) spi_flash: flash io: qio[0m
[0;33mW (828) i2c: This driver is an old driver, please migrate your application code to adapt `driver/i2c_master.h`[0m
[0;32mI (839) main_task: Started on CPU0[0m
[0;32mI (849) main_task: Calling app_main()[0m
[0;32mI (849) gpio: GPIO[25]| InputEn: 1| OutputEn: 0| OpenDrain: 0| Pullup: 1| Pulldown: 0| Intr:2 [0m
[0;32mI (849) cam_hal: cam init ok[0m
[0;32mI (859) sccb: pin_sda 26 pin_scl 27[0m
[0;32mI (859) sccb: sccb_i2c_port=1[0m
[0;32mI (859) gpio: GPIO[32]| InputEn: 0| OutputEn: 1| OpenDrain: 0| Pullup: 0| Pulldown: 0| Intr:0 [0m
[0;32mI (899) camera: Detected camera at address=0x30[0m
[0;32mI (899) camera: Detected OV2640 camera[0m
[0;32mI (899) camera: Camera PID=0x26 VER=0x42 MIDL=0x7f MIDH=0xa2[0m
[0;32mI (969) esp32 ll_cam: node_size: 3072, nodes_per_line: 1, lines_per_node: 4, dma_half_buffer_min:  3072, dma_half_buffer: 12288,lines_per_half_buffer: 16, dma_buffer_size: 24576, image_size: 18432[0m
[0;32mI (979) cam_hal: buffer_size: 24576, half_buffer_size: 12288, node_buffer_size: 3072, node_cnt: 8, total_cnt: 1[0m
[0;32mI (989) cam_hal: Allocating 9216 Byte frame buffer in PSRAM[0m
[0;32mI (999) cam_hal: Allocating 9216 Byte frame buffer in PSRAM[0m
[0;32mI (999) cam_hal: cam config ok[0m
[0;32mI (1009) ov2640: Set PLL: clk_2x: 0, clk_div: 3, pclk_auto: 1, pclk_div: 8[0m
Camera Initialized

[0;32mI (1079) gpio: GPIO[33]| InputEn: 0| OutputEn: 0| OpenDrain: 0| Pullup: 1| Pulldown: 0| Intr:0 [0m
Image Captured

Bottle Score: 100, No Bottle Score: 0
Flash ON
Image Captured

Bottle Score: 100, No Bottle Score: 0
Flash ON
Image Captured

Bottle Score: 100, No Bottle Score: 0
Flash ON
Image Captured

Bottle Score: 100, No Bottle Score: 0
Flash ON
Image Captured

Bottle Score: 100, No Bottle Score: 0
Flash ON
Image Captured

Bottle Score: 100, No Bottle Score: 0
Flash ON
Image Captured

Bottle Score: 100, No Bottle Score: 0
Flash ON
Image Captured

Bottle Score: 100, No Bottle Score: 0
Flash ON
Image Captured

Bottle Score: 100, No Bottle Score: 0
Flash ON
Image Captured

Bottle Score: 100, No Bottle Score: 0
Flash ON
Image Captured

Bottle Score: 100, No Bottle Score: 0
Flash ON
Image Captured

Bottle Score: 100, No Bottle Score: 0
Flash ON
Image Captured

Bottle Score: 100, No Bottle Score: 0
Flash ON
Image Captured

Bottle Score: 100, No Bottle Score: 0
Flash ON
Image Captured

Bottle Score: 100, No Bottle Score: 0
Flash ON
Image Captured

Bottle Score: 100, No Bottle Score: 0
Flash ON
Image Captured

Bottle Score: 0, No Bottle Score: 99
Flash OFF
Image Captured

Bottle Score: 0, No Bottle Score: 99
Flash OFF
Image Captured

Bottle Score: 100, No Bottle Score: 0
Flash ON
Image Captured

Bottle Score: 100, No Bottle Score: 0
Flash ON
Image Captured

Bottle Score: 100, No Bottle Score: 0
Flash ON
Image Captured

Bottle Score: 100, No Bottle Score: 0
Flash ON
Image Captured

Bottle Score: 100, No Bottle Score: 0
Flash ON
Image Captured

Bottle Score: 100, No Bottle Score: 0
Flash ON
Image Captured

Bottle Score: 100, No Bottle Score: 0
Flash ON
Image Captured

Bottle Score: 100, No Bottle Score: 0
Flash ON
Image Captured

Bottle Score: 100, No Bottle Score: 0
Flash ON
Image Captured

Bottle Score: 100, No Bottle Score: 0
Flash ON
Image Captured

Bottle Score: 100, No Bottle Score: 0
Flash ON
Image Captured

Bottle Score: 100, No Bottle Score: 0
Flash ON
Image Captured

Bottle Score: 100, No Bottle Score: 0
Flash ON
Image Captured

Bottle Score: 100, No Bottle Score: 0
Flash ON
Image Captured

Bottle Score: 100, No Bottle Score: 0
Flash ON
Image Captured

Bottle Score: 100, No Bottle Score: 0
Flash ON
Image Captured

Bottle Score: 100, No Bottle Score: 0
Flash ON
Image Captured

Bottle Score: 100, No Bottle Score: 0
Flash ON
Image Captured

Bottle Score: 100, No Bottle Score: 0
Flash ON
Image Captured

Bottle Score: 100, No Bottle Score: 0
Flash ON
Image Captured

Bottle Score: 100, No Bottle Score: 0
Flash ON
Image Captured

Bottle Score: 100, No Bottle Score: 0
Flash ON
Image Captured

Bottle Score: 100, No Bottle Score: 0
Flash ON
Image Captured

Bottle Score: 100, No Bottle Score: 0
Flash ON
Image Captured

Bottle Score: 100, No Bottle Score: 0
Flash ON
Image Captured

Bottle Score: 100, No Bottle Score: 0
Flash ON
Image Captured

Bottle Score: 100, No Bottle Score: 0
Flash ON
Image Captured

Bottle Score: 100, No Bottle Score: 0
Flash ON
Image Captured

Bottle Score: 100, No Bottle Score: 0
Flash ON
Image Captured

Bottle Score: 100, No Bottle Score: 0
Flash ON
Image Captured

Bottle Score: 100, No Bottle Score: 0
Flash ON
Image Captured

Bottle Score: 100, No Bottle Score: 0
Flash ON
Image Captured

Bottle Score: 100, No Bottle Score: 0
Flash ON
Image Captured

Bottle Score: 100, No Bottle Score: 0
Flash ON
Image Captured

Bottle Score: 100, No Bottle Score: 0
Flash ON
Image Captured

Bottle Score: 100, No Bottle Score: 0
Flash ON
Image Captured

Bottle Score: 100, No Bottle Score: 0
Flash ON
Image Captured

Bottle Score: 100, No Bottle Score: 0
Flash ON
Image Captured

Bottle Score: 100, No Bottle Score: 0
Flash ON
Image Captured

Bottle Score: 100, No Bottle Score: 0
Flash ON
Image Captured

Bottle Score: 100, No Bottle Score: 0
Flash ON
Image Captured

Bottle Score: 100, No Bottle Score: 0
Flash ON
Image Captured

Bottle Score: 100, No Bottle Score: 0
Flash ON
Image Captured

Bottle Score: 100, No Bottle Score: 0
Flash ON
Image Captured

Bottle Score: 100, No Bottle Score: 0
Flash ON
Image Captured

Bottle Score: 100, No Bottle Score: 0
Flash ON
Image Captured

Bottle Score: 100, No Bottle Score: 0
Flash ON
Image Captured

Bottle Score: 100, No Bottle Score: 0
Flash ON
Image Captured

Bottle Score: 100, No Bottle Score: 0
Flash ON
Image Captured

Bottle Score: 100, No Bottle Score: 0
Flash ON
Image Captured

Bottle Score: 100, No Bottle Score: 0
Flash ON
Image Captured

Bottle Score: 100, No Bottle Score: 0
Flash ON
Image Captured

Bottle Score: 100, No Bottle Score: 0
Flash ON
Image Captured

Bottle Score: 100, No Bottle Score: 0
Flash ON
Image Captured

Bottle Score: 100, No Bottle Score: 0
Flash ON
Image Captured

Bottle Score: 100, No Bottle Score: 0
Flash ON
Image Captured

Bottle Score: 100, No Bottle Score: 0
Flash ON
Image Captured

Bottle Score: 100, No Bottle Score: 0
Flash ON
Image Captured

Bottle Score: 100, No Bottle Score: 0
Flash ON
Image Captured

Bottle Score: 100, No Bottle Score: 0
Flash ON
Image Captured

Bottle Score: 100, No Bottle Score: 0
Flash ON
Image Captured

Bottle Score: 0, No Bottle Score: 99
Flash OFF
Image Captured

Bottle Score: 100, No Bottle Score: 0
Flash ON
Image Captured

Bottle Score: 0, No Bottle Score: 99
Flash OFF
Image Captured

Bottle Score: 0, No Bottle Score: 99
Flash OFF
Image Captured

Bottle Score: 0, No Bottle Score: 99
Flash OFF
Image Captured

Bottle Score: 0, No Bottle Score: 99
Flash OFF
Image Captured

Bottle Score: 0, No Bottle Score: 99
Flash OFF
Image Captured

Bottle Score: 0, No Bottle Score: 99
Flash OFF
Image Captured

Bottle Score: 0, No Bottle Score: 99
Flash OFF
Image Captured

Bottle Score: 0, No Bottle Score: 99
Flash OFF
Image Captured

Bottle Score: 100, No Bottle Score: 0
Flash ON
Image Captured

Bottle Score: 100, No Bottle Score: 0
Flash ON
Image Captured

Bottle Score: 100, No Bottle Score: 0
Flash ON
Image Captured

Bottle Score: 0, No Bottle Score: 99
Flash OFF
Image Captured

Bottle Score: 100, No Bottle Score: 0
Flash ON
Image Captured

Bottle Score: 100, No Bottle Score: 0
Flash ON
Image Captured

Bottle Score: 100, No Bottle Score: 0
Flash ON
Image Captured

Bottle Score: 0, No Bottle Score: 99
Flash OFF
Image Captured

Bottle Score: 0, No Bottle Score: 99
Flash OFF
Image Captured

Bottle Score: 0, No Bottle Score: 99
Flash OFF
Image Captured

Bottle Score: 0, No Bottle Score: 99
Flash OFF
Image Captured

Bottle Score: 0, No Bottle Score: 99
Flash OFF
Image Captured

Bottle Score: 0, No Bottle Score: 99
Flash OFF
Image Captured

Bottle Score: 0, No Bottle Score: 99
Flash OFF
Image Captured

Bottle Score: 0, No Bottle Score: 99
Flash OFF
Image Captured

Bottle Score: 0, No Bottle Score: 99
Flash OFF
Image Captured

Bottle Score: 0, No Bottle Score: 99
Flash OFF
Image Captured

Bottle Score: 0, No Bottle Score: 99
Flash OFF
Image Captured

Bottle Score: 0, No Bottle Score: 99
Flash OFF
Image Captured

Bottle Score: 0, No Bottle Score: 99
Flash OFF
Image Captured

Bottle Score: 0, No Bottle Score: 99
Flash OFF
Image Captured

Bottle Score: 0, No Bottle Score: 99
Flash OFF
Image Captured

Bottle Score: 0, No Bottle Score: 99
Flash OFF
Image Captured

Bottle Score: 0, No Bottle Score: 99
Flash OFF
Image Captured

Bottle Score: 0, No Bottle Score: 99
Flash OFF
Image Captured

Bottle Score: 0, No Bottle Score: 99
Flash OFF
Image Captured

Bottle Score: 0, No Bottle Score: 99
Flash OFF
Image Captured

Bottle Score: 0, No Bottle Score: 99
Flash OFF
Image Captured

Bottle Score: 0, No Bottle Score: 99
Flash OFF
Image Captured

Bottle Score: 0, No Bottle Score: 99
Flash OFF
Image Captured

Bottle Score: 0, No Bottle Score: 99
Flash OFF
Image Captured

Bottle Score: 0, No Bottle Score: 99
Flash OFF
Image Captured

Bottle Score: 0, No Bottle Score: 99
Flash OFF
Image Captured

Bottle Score: 0, No Bottle Score: 99
Flash OFF
Image Captured

Bottle Score: 0, No Bottle Score: 99
Flash OFF
Image Captured

Bottle Score: 0, No Bottle Score: 99
Flash OFF
Image Captured

Bottle Score: 0, No Bottle Score: 99
Flash OFF
Image Captured

Bottle Score: 0, No Bottle Score: 99
Flash OFF
Image Captured

Bottle Score: 0, No Bottle Score: 99
Flash OFF
Image Captured

Bottle Score: 0, No Bottle Score: 99
Flash OFF
Image Captured

Bottle Score: 0, No Bottle Score: 99
Flash OFF
Image Captured

Bottle Score: 0, No Bottle Score: 99
Flash OFF
Image Captured

Bottle Score: 0, No Bottle Score: 99
Flash OFF
Image Captured

Bottle Score: 0, No Bottle Score: 99
Flash OFF
Image Captured

Bottle Score: 100, No Bottle Score: 0
Flash ON
Image Captured

Bottle Score: 100, No Bottle Score: 0
Flash ON
Image Captured

Bottle Score: 100, No Bottle Score: 0
Flash ON
Image Captured

Bottle Score: 100, No Bottle Score: 0
Flash ON
Image Captured

Bottle Score: 100, No Bottle Score: 0
Flash ON
Image Captured

Bottle Score: 100, No Bottle Score: 0
Flash ON
Image Captured

Bottle Score: 100, No Bottle Score: 0
Flash ON
Image Captured

Bottle Score: 100, No Bottle Score: 0
Flash ON
Image Captured

Bottle Score: 100, No Bottle Score: 0
Flash ON
Image Captured

Bottle Score: 100, No Bottle Score: 0
Flash ON
Image Captured

Bottle Score: 100, No Bottle Score: 0
Flash ON
Image Captured

Bottle Score: 100, No Bottle Score: 0
Flash ON
Image Captured

Bottle Score: 100, No Bottle Score: 0
Flash ON
Image Captured

Bottle Score: 100, No Bottle Score: 0
Flash ON
Image Captured

Bottle Score: 100, No Bottle Score: 0
Flash ON
Image Captured

Bottle Score: 100, No Bottle Score: 0
Flash ON
Image Captured

Bottle Score: 100, No Bottle Score: 0
Flash ON
Image Captured

Bottle Score: 100, No Bottle Score: 0
Flash ON
Image Captured

Bottle Score: 100, No Bottle Score: 0
Flash ON
Image Captured

Bottle Score: 100, No Bottle Score: 0
Flash ON
Image Captured

Bottle Score: 100, No Bottle Score: 0
Flash ON
Image Captured

Bottle Score: 100, No Bottle Score: 0
Flash ON
Image Captured

Bottle Score: 100, No Bottle Score: 0
Flash ON
Image Captured

Bottle Score: 100, No Bottle Score: 0
Flash ON
Image Captured

Bottle Score: 100, No Bottle Score: 0
Flash ON
Image Captured

Bottle Score: 100, No Bottle Score: 0
Flash ON
Image Captured

Bottle Score: 100, No Bottle Score: 0
Flash ON
Image Captured

Bottle Score: 100, No Bottle Score: 0
Flash ON
Image Captured

Bottle Score: 100, No Bottle Score: 0
Flash ON
Image Captured

Bottle Score: 100, No Bottle Score: 0
Flash ON
Image Captured

Bottle Score: 100, No Bottle Score: 0
Flash ON
Image Captured

Bottle Score: 100, No Bottle Score: 0
Flash ON
Image Captured

Bottle Score: 100, No Bottle Score: 0
Flash ON
Image Captured

Bottle Score: 100, No Bottle Score: 0
Flash ON
Image Captured

Bottle Score: 100, No Bottle Score: 0
Flash ON
Image Captured

Bottle Score: 100, No Bottle Score: 0
Flash ON
Image Captured

Bottle Score: 100, No Bottle Score: 0
Flash ON
Image Captured

Bottle Score: 100, No Bottle Score: 0
Flash ON
Image Captured

Bottle Score: 100, No Bottle Score: 0
Flash ON
Image Captured

Bottle Score: 100, No Bottle Score: 0
Flash ON
Image Captured

Bottle Score: 100, No Bottle Score: 0
Flash ON
Image Captured

Bottle Score: 100, No Bottle Score: 0
Flash ON
Image Captured

Bottle Score: 100, No Bottle Score: 0
Flash ON
Image Captured

Bottle Score: 100, No Bottle Score: 0
Flash ON
Image Captured

